Starting test_model_load.py
Importing stable_baselines3...
Imported stable_baselines3.
Importing backend.rl.numpy_compat...
Imported backend.rl.numpy_compat successfully.
Loading model from models/PPO/latest_20260624_123242.zip...
Successfully loaded PPO model: <stable_baselines3.ppo.ppo.PPO object at 0x0000019B3A283770>
